// Jest Snapshot v1, https://goo.gl/fbAQLP

exports[`Carousel renders properly 1`] = `<div class="carousel"> <button class="next carousel-button" style="font-size: x-large;"><i id="normal-text" class="fas fa-chevron-right"></i></button> <button class="prev carousel-button" style="font-size: x-large;"><i id="normal-text" class="fas fa-chevron-left"></i></button></div>`;
